// Jest Snapshot v1, https://goo.gl/fbAQLP

exports[`Pruebas en <HeroScreen /> debe de mostrar el redirect si no hay argumentos en el url  1`] = `""`;
